 M SportHub.API/Application/Interfaces/IAuthService.cs
 M SportHub.API/Application/Interfaces/IInstructorService.cs
 M SportHub.API/Application/Interfaces/ILocationService.cs
 M SportHub.API/Application/Interfaces/IWorkoutService.cs
 M SportHub.API/Application/Services/AuthService.cs
 M SportHub.API/Application/Services/InstructorService.cs
 M SportHub.API/Application/Services/LocationService.cs
 M SportHub.API/Application/Services/WorkoutService.cs
 M SportHub.API/Controllers/AuthController.cs
 M SportHub.API/Controllers/InstructorsController.cs
 M SportHub.API/Controllers/LocationsController.cs
 M SportHub.API/Controllers/WorkoutsController.cs
 M build-output.txt
?? SportHub.Shared/DTOs/
